(.venv) X@UNIK736VYNJJX smartnoise_ministry_examples % python3 smartnoise_synth/MWEM.py
Spent 1.0 epsilon on preprocessor, leaving 2.0 for training
Processing 4 histograms

Histogram #0 split: [0 1 2]
Columns: 3
Dimensionality: 466
Cuboids possible: 7
1-2-way cuboids possible: 6
Fitting for 70 iterations
Number of queries: 140
Number of slices in queries: 28060
Per-Measure Epsilon: 0.004
Measurement Error: 644.72

Histogram #1 split: [3 4 5]
Columns: 3
Dimensionality: 9,344
Cuboids possible: 7
1-2-way cuboids possible: 6
Fitting for 70 iterations
Number of queries: 140
Number of slices in queries: 226420
Per-Measure Epsilon: 0.004
Measurement Error: 644.72

Histogram #2 split: [6 7 8]
Columns: 3
Dimensionality: 8
Cuboids possible: 7
1-2-way cuboids possible: 6
Fitting for 70 iterations
Number of queries: 140
Number of slices in queries: 520
Per-Measure Epsilon: 0.004
Measurement Error: 644.72

Histogram #3 split: [9]
Columns: 1
Dimensionality: 2
Cuboids possible: 1
1-2-way cuboids possible: 1
Fitting for 70 iterations
Number of queries: 140
Number of slices in queries: 280
Per-Measure Epsilon: 0.004
Measurement Error: 644.72

[0] - Average error: 8.406. Selected 2 slices
[1] - Average error: 0.893. Selected 466 slices
[2] - Average error: 0.917. Selected 2 slices
[3] - Average error: 1.000. Selected 233 slices
[4] - Average error: 0.948. Selected 2 slices
[5] - Average error: 0.888. Selected 2 slices
[6] - Average error: 0.680. Selected 233 slices
[7] - Average error: 0.610. Selected 466 slices
[8] - Average error: 0.534. Selected 466 slices
[9] - Average error: 0.466. Selected 466 slices
[10] - Average error: 0.397. Selected 233 slices
[11] - Average error: 0.326. Selected 233 slices
[12] - Average error: 0.261. Selected 233 slices
[13] - Average error: 0.206. Selected 2 slices
[14] - Average error: 0.172. Selected 2 slices
[15] - Average error: 0.165. Selected 466 slices
[16] - Average error: 0.152. Selected 466 slices
[17] - Average error: 0.143. Selected 2 slices
[18] - Average error: 0.134. Selected 233 slices
[19] - Average error: 0.130. Selected 466 slices
[20] - Average error: 0.123. Selected 466 slices
[21] - Average error: 0.117. Selected 233 slices
[22] - Average error: 0.114. Selected 233 slices
[23] - Average error: 0.112. Selected 2 slices
[24] - Average error: 0.103. Selected 2 slices
[25] - Average error: 0.100. Selected 2 slices
[26] - Average error: 0.094. Selected 466 slices
[27] - Average error: 0.094. Selected 233 slices
[28] - Average error: 0.092. Selected 466 slices
[29] - Average error: 0.093. Selected 466 slices
[30] - Average error: 0.093. Selected 466 slices
[31] - Average error: 0.089. Selected 1 slices
[32] - Average error: 0.087. Selected 233 slices
[33] - Average error: 0.086. Selected 1 slices
[34] - Average error: 0.085. Selected 466 slices
[35] - Average error: 0.086. Selected 2 slices
[36] - Average error: 0.124. Selected 233 slices
[37] - Average error: 0.123. Selected 233 slices
[38] - Average error: 0.122. Selected 466 slices
[39] - Average error: 0.117. Selected 1 slices
[40] - Average error: 0.117. Selected 2 slices
[41] - Average error: 0.122. Selected 1 slices
[42] - Average error: 0.122. Selected 233 slices
[43] - Average error: 0.121. Selected 1 slices
[44] - Average error: 0.121. Selected 2 slices
[45] - Average error: 0.113. Selected 233 slices
[46] - Average error: 0.112. Selected 466 slices
[47] - Average error: 0.109. Selected 466 slices
[48] - Average error: 0.107. Selected 2 slices
[49] - Average error: 0.142. Selected 233 slices
[50] - Average error: 0.140. Selected 2 slices
[51] - Average error: 0.096. Selected 2 slices
[52] - Average error: 0.070. Selected 233 slices
[53] - Average error: 0.070. Selected 466 slices
[54] - Average error: 0.072. Selected 2 slices
[55] - Average error: 0.072. Selected 2 slices
[56] - Average error: 0.080. Selected 233 slices
[57] - Average error: 0.079. Selected 466 slices
[58] - Average error: 0.082. Selected 233 slices
[59] - Average error: 0.081. Selected 466 slices
[60] - Average error: 0.079. Selected 2 slices
[61] - Average error: 0.069. Selected 466 slices
[62] - Average error: 0.069. Selected 466 slices
[63] - Average error: 0.069. Selected 233 slices
[64] - Average error: 0.069. Selected 2 slices
[65] - Average error: 0.068. Selected 1 slices
[66] - Average error: 0.068. Selected 1 slices
[67] - Average error: 0.068. Selected 466 slices
[68] - Average error: 0.068. Selected 2 slices
[69] - Average error: 0.097. Selected 2 slices
[0] - Average error: 85.084. Selected 8 slices
[1] - Average error: 26.746. Selected 16 slices
[2] - Average error: 13.988. Selected 16 slices
[3] - Average error: 7.521. Selected 8 slices
[4] - Average error: 5.445. Selected 73 slices
[5] - Average error: 4.303. Selected 73 slices
[6] - Average error: 3.330. Selected 73 slices
[7] - Average error: 2.532. Selected 8 slices
[8] - Average error: 1.984. Selected 8 slices
[9] - Average error: 1.594. Selected 128 slices
[10] - Average error: 1.447. Selected 8 slices
[11] - Average error: 1.249. Selected 128 slices
[12] - Average error: 1.161. Selected 584 slices
[13] - Average error: 1.022. Selected 8 slices
[14] - Average error: 0.903. Selected 128 slices
[15] - Average error: 0.839. Selected 16 slices
[16] - Average error: 0.716. Selected 8 slices
[17] - Average error: 0.643. Selected 1168 slices
[18] - Average error: 0.584. Selected 8 slices
[19] - Average error: 0.535. Selected 16 slices
[20] - Average error: 0.477. Selected 73 slices
[21] - Average error: 0.436. Selected 9344 slices
[22] - Average error: 0.406. Selected 128 slices
[23] - Average error: 0.390. Selected 73 slices
[24] - Average error: 0.365. Selected 128 slices
[25] - Average error: 0.350. Selected 584 slices
[26] - Average error: 0.336. Selected 9344 slices
[27] - Average error: 0.321. Selected 9344 slices
[28] - Average error: 0.307. Selected 73 slices
[29] - Average error: 0.293. Selected 16 slices
[30] - Average error: 0.271. Selected 8 slices
[31] - Average error: 0.258. Selected 584 slices
[32] - Average error: 0.249. Selected 1168 slices
[33] - Average error: 0.239. Selected 1168 slices
[34] - Average error: 0.229. Selected 128 slices
[35] - Average error: 0.219. Selected 1168 slices
[36] - Average error: 0.210. Selected 1168 slices
[37] - Average error: 0.202. Selected 128 slices
[38] - Average error: 0.194. Selected 1168 slices
[39] - Average error: 0.186. Selected 8 slices
[40] - Average error: 0.179. Selected 584 slices
[41] - Average error: 0.173. Selected 584 slices
[42] - Average error: 0.167. Selected 16 slices
[43] - Average error: 0.162. Selected 1168 slices
[44] - Average error: 0.156. Selected 73 slices
[45] - Average error: 0.150. Selected 73 slices
[46] - Average error: 0.145. Selected 73 slices
[47] - Average error: 0.140. Selected 8 slices
[48] - Average error: 0.137. Selected 584 slices
[49] - Average error: 0.135. Selected 8 slices
[50] - Average error: 0.132. Selected 584 slices
[51] - Average error: 0.129. Selected 128 slices
[52] - Average error: 0.129. Selected 9344 slices
[53] - Average error: 0.129. Selected 16 slices
[54] - Average error: 0.126. Selected 8 slices
[55] - Average error: 0.124. Selected 8 slices
[56] - Average error: 0.122. Selected 128 slices
[57] - Average error: 0.122. Selected 128 slices
[58] - Average error: 0.119. Selected 1168 slices
[59] - Average error: 0.118. Selected 73 slices
[60] - Average error: 0.115. Selected 16 slices
[61] - Average error: 0.116. Selected 1168 slices
[62] - Average error: 0.116. Selected 1168 slices
[63] - Average error: 0.115. Selected 16 slices
[64] - Average error: 0.110. Selected 9344 slices
[65] - Average error: 0.110. Selected 8 slices
[66] - Average error: 0.107. Selected 73 slices
[67] - Average error: 0.104. Selected 9344 slices
[68] - Average error: 0.103. Selected 1168 slices
[69] - Average error: 0.102. Selected 16 slices
/Users/X/Differential_Privacy/smartnoise_ministry_examples/.venv/lib/python3.11/site-packages/snsynth/mwem.py:492: Warning: Flattened dimensionality of synthetic histogram is less than the number of iterations. This is a privacy risk. Consider increasing your split_factor (especially if it is 1), or decreasing the number of iterations. Dim: 8 Split: [6 7 8]
  warnings.warn(
[0] - Average error: 581.947. Selected 2 slices
[1] - Average error: 377.541. Selected 2 slices
[2] - Average error: 163.058. Selected 2 slices
[3] - Average error: 25.386. Selected 4 slices
[4] - Average error: 18.809. Selected 8 slices
[5] - Average error: 13.207. Selected 2 slices
[6] - Average error: 8.683. Selected 2 slices
[7] - Average error: 6.177. Selected 8 slices
[8] - Average error: 4.844. Selected 2 slices
[9] - Average error: 3.191. Selected 8 slices
[10] - Average error: 2.483. Selected 2 slices
[11] - Average error: 1.806. Selected 4 slices
[12] - Average error: 1.282. Selected 8 slices
[13] - Average error: 1.021. Selected 4 slices
[14] - Average error: 0.777. Selected 2 slices
[15] - Average error: 0.656. Selected 2 slices
[16] - Average error: 0.570. Selected 4 slices
[17] - Average error: 0.516. Selected 4 slices
[18] - Average error: 0.472. Selected 8 slices
[19] - Average error: 0.438. Selected 2 slices
[20] - Average error: 0.397. Selected 2 slices
[21] - Average error: 0.354. Selected 2 slices
[22] - Average error: 0.294. Selected 8 slices
[23] - Average error: 0.275. Selected 2 slices
[24] - Average error: 0.248. Selected 2 slices
[25] - Average error: 0.217. Selected 2 slices
[26] - Average error: 0.228. Selected 4 slices
[27] - Average error: 0.188. Selected 2 slices
[28] - Average error: 0.171. Selected 4 slices
[29] - Average error: 0.158. Selected 4 slices
[30] - Average error: 0.145. Selected 4 slices
[31] - Average error: 0.121. Selected 4 slices
[32] - Average error: 0.126. Selected 2 slices
[33] - Average error: 0.114. Selected 2 slices
[34] - Average error: 0.111. Selected 2 slices
[35] - Average error: 0.094. Selected 4 slices
[36] - Average error: 0.095. Selected 2 slices
[37] - Average error: 0.094. Selected 8 slices
[38] - Average error: 0.067. Selected 4 slices
[39] - Average error: 0.077. Selected 4 slices
[40] - Average error: 0.112. Selected 2 slices
[41] - Average error: 0.180. Selected 4 slices
[42] - Average error: 0.259. Selected 4 slices
[43] - Average error: 0.250. Selected 4 slices
[44] - Average error: 0.249. Selected 4 slices
[45] - Average error: 0.238. Selected 2 slices
[46] - Average error: 0.240. Selected 4 slices
[47] - Average error: 0.245. Selected 4 slices
[48] - Average error: 0.220. Selected 2 slices
[49] - Average error: 0.217. Selected 2 slices
[50] - Average error: 0.215. Selected 2 slices
[51] - Average error: 0.214. Selected 4 slices
[52] - Average error: 0.163. Selected 2 slices
[53] - Average error: 0.176. Selected 4 slices
[54] - Average error: 0.156. Selected 8 slices
[55] - Average error: 0.129. Selected 2 slices
[56] - Average error: 0.066. Selected 4 slices
[57] - Average error: 0.051. Selected 4 slices
[58] - Average error: 0.089. Selected 4 slices
[59] - Average error: 0.072. Selected 2 slices
[60] - Average error: 0.069. Selected 2 slices
[61] - Average error: 0.071. Selected 2 slices
[62] - Average error: 0.071. Selected 4 slices
[63] - Average error: 0.109. Selected 2 slices
[64] - Average error: 0.094. Selected 4 slices
[65] - Average error: 0.092. Selected 2 slices
[66] - Average error: 0.089. Selected 4 slices
[67] - Average error: 0.084. Selected 2 slices
[68] - Average error: 0.082. Selected 4 slices
[69] - Average error: 0.098. Selected 8 slices
/Users/X/Differential_Privacy/smartnoise_ministry_examples/.venv/lib/python3.11/site-packages/snsynth/mwem.py:492: Warning: Flattened dimensionality of synthetic histogram is less than the number of iterations. This is a privacy risk. Consider increasing your split_factor (especially if it is 1), or decreasing the number of iterations. Dim: 2 Split: [9]
  warnings.warn(
[0] - Average error: 118.793. Selected 2 slices
[1] - Average error: 0.524. Selected 2 slices
[2] - Average error: 0.274. Selected 2 slices
[3] - Average error: 0.201. Selected 2 slices
[4] - Average error: 0.326. Selected 2 slices
[5] - Average error: 0.195. Selected 2 slices
[6] - Average error: 0.350. Selected 2 slices
[7] - Average error: 0.110. Selected 2 slices
[8] - Average error: 0.221. Selected 2 slices
[9] - Average error: 0.173. Selected 2 slices
[10] - Average error: 0.189. Selected 2 slices
[11] - Average error: 0.002. Selected 2 slices
[12] - Average error: 0.058. Selected 2 slices
[13] - Average error: 0.119. Selected 2 slices
[14] - Average error: 0.050. Selected 2 slices
[15] - Average error: 0.048. Selected 2 slices
[16] - Average error: 0.105. Selected 2 slices
[17] - Average error: 0.168. Selected 2 slices
[18] - Average error: 0.175. Selected 2 slices
[19] - Average error: 0.124. Selected 2 slices
[20] - Average error: 0.110. Selected 2 slices
[21] - Average error: 0.110. Selected 2 slices
[22] - Average error: 0.002. Selected 2 slices
[23] - Average error: 0.106. Selected 2 slices
[24] - Average error: 0.177. Selected 2 slices
[25] - Average error: 0.050. Selected 2 slices
[26] - Average error: 0.011. Selected 2 slices
[27] - Average error: 0.131. Selected 2 slices
[28] - Average error: 0.210. Selected 2 slices
[29] - Average error: 0.118. Selected 2 slices
[30] - Average error: 0.012. Selected 2 slices
[31] - Average error: 0.131. Selected 2 slices
[32] - Average error: 0.068. Selected 2 slices
[33] - Average error: 0.164. Selected 2 slices
[34] - Average error: 0.117. Selected 2 slices
[35] - Average error: 0.125. Selected 2 slices
[36] - Average error: 0.065. Selected 2 slices
[37] - Average error: 0.054. Selected 2 slices
[38] - Average error: 0.052. Selected 2 slices
[39] - Average error: 0.049. Selected 2 slices
[40] - Average error: 0.095. Selected 2 slices
[41] - Average error: 0.056. Selected 2 slices
[42] - Average error: 0.015. Selected 2 slices
[43] - Average error: 0.072. Selected 2 slices
[44] - Average error: 0.204. Selected 2 slices
[45] - Average error: 0.236. Selected 2 slices
[46] - Average error: 0.193. Selected 2 slices
[47] - Average error: 0.192. Selected 2 slices
[48] - Average error: 0.109. Selected 2 slices
[49] - Average error: 0.008. Selected 2 slices
[50] - Average error: 0.023. Selected 2 slices
[51] - Average error: 0.155. Selected 2 slices
[52] - Average error: 0.077. Selected 2 slices
[53] - Average error: 0.032. Selected 2 slices
[54] - Average error: 0.114. Selected 2 slices
[55] - Average error: 0.014. Selected 2 slices
[56] - Average error: 0.096. Selected 2 slices
[57] - Average error: 0.121. Selected 2 slices
[58] - Average error: 0.295. Selected 2 slices
[59] - Average error: 0.132. Selected 2 slices
[60] - Average error: 0.215. Selected 2 slices
[61] - Average error: 0.164. Selected 2 slices
[62] - Average error: 0.129. Selected 2 slices
[63] - Average error: 0.098. Selected 2 slices
[64] - Average error: 0.132. Selected 2 slices
[65] - Average error: 0.071. Selected 2 slices
[66] - Average error: 0.015. Selected 2 slices
[67] - Average error: 0.007. Selected 2 slices
[68] - Average error: 0.164. Selected 2 slices
[69] - Average error: 0.162. Selected 2 slices
     Unnamed: 0  state   puma  sex  age  educ    income  latino  black  asian  married
0             1      6  66500    0   60    15  249856.0       0      1      0        1
1             2      6  64403    0   63    11   36864.0       0      0      0        1
2             3      6  65406    0   41    11   36864.0       1      0      0        1
3             4      6  64403    1   56    13   36864.0       0      1      0        1
4             5      6  65403    1   20     9   36864.0       0      1      0        0
..          ...    ...    ...  ...  ...   ...       ...     ...    ...    ...      ...
995         996      6  67604    1   65    13   36864.0       0      0      0        0
996         997      6  60200    0   61     6   36864.0       0      0      0        1
997         998      6  63901    1   85     9   36864.0       1      0      0        1
998         999      6  61901    1   41     7   36864.0       1      0      0        0
999        1000      6  66500    1   55    14   36864.0       0      0      0        0

[1000 rows x 11 columns]