(.venv) X@UNIK736VYNJJX smartnoise_ministry_examples % python3 smartnoise_synth/AIM.py 
Spent 1.0 epsilon on preprocessor, leaving 2.0 for training
Fitting with 87086080 dimensions
10
/Users/X/Differential_Privacy/smartnoise_ministry_examples/.venv/lib/python3.11/site-packages/mbi/dataset.py:87: UserWarning: Pandas dataframe inputs are deprecated, please pass in a dictionary of numpy arrays instead.
  warnings.warn(
Initial Sigma 39.79461215952686
Selected ('col4', 'col6') Size 32 Budget Used 0.0625
Selected ('col1', 'col6') Size 466 Budget Used 0.06875
Selected ('col3', 'col9') Size 146 Budget Used 0.07500000000000001
Selected ('col3', 'col6') Size 146 Budget Used 0.08125
Selected ('col3', 'col4') Size 1168 Budget Used 0.08750000000000001
Selected ('col1', 'col8') Size 466 Budget Used 0.09375000000000001
Selected ('col1', 'col4') Size 3728 Budget Used 0.10000000000000002
Selected ('col6', 'col8') Size 4 Budget Used 0.10625000000000002
Selected ('col1', 'col9') Size 466 Budget Used 0.11250000000000003
Selected ('col4', 'col5') Size 160 Budget Used 0.11875000000000002
Selected ('col1', 'col7') Size 466 Budget Used 0.12500000000000003
Selected ('col6', 'col7') Size 4 Budget Used 0.13125000000000003
Selected ('col1', 'col4') Size 3728 Budget Used 0.13750000000000004
(!!!!!!!!!!!!!!!!!!!!!!) Reducing sigma 19.89730607976343
Selected ('col1', 'col4') Size 3728 Budget Used 0.16250000000000006
Selected ('col3', 'col4') Size 1168 Budget Used 0.18750000000000006
Selected ('col2', 'col5') Size 20 Budget Used 0.21250000000000008
Selected ('col1', 'col6') Size 466 Budget Used 0.2375000000000001
Selected ('col1', 'col8') Size 466 Budget Used 0.2625000000000001
Selected ('col1', 'col7') Size 466 Budget Used 0.2875000000000001
Selected ('col4', 'col8') Size 32 Budget Used 0.3125000000000001
Selected ('col4', 'col9') Size 32 Budget Used 0.33750000000000013
Selected ('col2', 'col3') Size 146 Budget Used 0.36250000000000016
Selected ('col2', 'col9') Size 4 Budget Used 0.3875000000000002
Selected ('col1', 'col4') Size 3728 Budget Used 0.4125000000000002
(!!!!!!!!!!!!!!!!!!!!!!) Reducing sigma 9.948653039881714
Selected ('col1', 'col4') Size 3728 Budget Used 0.5125000000000002
Selected ('col1', 'col9') Size 466 Budget Used 0.6125000000000002
Selected ('col3', 'col4') Size 1168 Budget Used 0.7125
Selected ('col3', 'col6') Size 146 Budget Used 0.8125000000000001
Selected ('col3', 'col8') Size 146 Budget Used 1.0
Estimating marginals
     Unnamed: 0  state   puma  sex  age  educ    income  latino  black  asian  married
0             1      6  60600    0   52     1   36864.0       0      0      0        0
1             2      6  66500    0   80     1   36864.0       0      0      0        0
2             3      6  61403    0   44     1   36864.0       0      0      1        1
3             4      6  63902    0   28     2   36864.0       0      0      0        0
4             5      6  65402    0   59     1   36864.0       0      0      1        1
..          ...    ...    ...  ...  ...   ...       ...     ...    ...    ...      ...
995         996      6  66110    1   24    14  143360.0       1      0      0        0
996         997      6  66602    1   74    14  888832.0       1      0      0        1
997         998      6  66101    1   38    15  143360.0       1      0      0        1
998         999      6  63002    1   24    16   36864.0       1      0      0        0
999        1000      6  62801    1   26    16  143360.0       1      0      0        1

[1000 rows x 11 columns]
